2026-07-07 13:57:39.009: [INFO] OnDoneLoading sync enabled: 0
2026-07-08 05:57:54.257: [INFO] OnDoneLoading sync enabled: 0
2026-07-08 06:00:33.951: [INFO] OnDoneLoading sync enabled: 0
2026-07-08 06:00:49.442: [INFO] OnDoneLoading sync enabled: 0
2026-07-08 06:00:59.075: [INFO] OnDoneLoading sync enabled: 0
2026-07-08 06:01:04.220: [INFO] OnDoneLoading sync enabled: 0
2026-07-08 06:02:28.173: [INFO] OnDoneLoading sync enabled: 0
2026-07-08 06:48:12.038: [INFO] OnDoneLoading sync enabled: 0
2026-07-08 06:48:17.175: [INFO] OnDoneLoading sync enabled: 0
2026-07-08 07:02:32.704: [INFO] OnDoneLoading sync enabled: 0
2026-07-08 13:26:19.159: [INFO] OnDoneLoading sync enabled: 0
2026-07-08 13:26:21.241: [INFO] OnDoneLoading sync enabled: 0
2026-07-08 13:36:33.880: [INFO] OnDoneLoading sync enabled: 0
2026-07-08 13:37:52.602: [INFO] OnDoneLoading sync enabled: 0
2026-07-08 13:40:03.819: [INFO] OnDoneLoading sync enabled: 0
2026-07-08 13:41:57.346: [INFO] OnDoneLoading sync enabled: 0
2026-07-08 13:45:20.275: [INFO] OnDoneLoading sync enabled: 0
2026-07-09 07:03:35.724: [INFO] OnDoneLoading sync enabled: 0
2026-07-09 07:15:04.472: [INFO] OnDoneLoading sync enabled: 0
2026-07-09 07:20:12.733: [INFO] OnDoneLoading sync enabled: 0
2026-07-09 08:12:35.272: [INFO] OnDoneLoading sync enabled: 0
2026-07-09 08:34:52.823: [INFO] OnDoneLoading sync enabled: 0
2026-07-10 08:10:19.606: [INFO] OnDoneLoading sync enabled: 0
2026-07-10 08:11:39.540: [INFO] OnDoneLoading sync enabled: 0
2026-07-10 08:50:25.325: [INFO] OnDoneLoading sync enabled: 0
2026-07-12 09:25:24.696: [INFO] OnDoneLoading sync enabled: 0
2026-07-12 09:36:18.410: [INFO] OnDoneLoading sync enabled: 0
2026-07-12 09:38:45.587: [INFO] OnDoneLoading sync enabled: 0
2026-07-12 09:40:38.711: [INFO] OnDoneLoading sync enabled: 0
2026-07-13 14:07:42.972: [INFO] OnDoneLoading sync enabled: 0
2026-07-14 12:20:19.596: [INFO] OnDoneLoading sync enabled: 0
2026-07-14 12:38:49.142: [INFO] OnDoneLoading sync enabled: 0
2026-07-14 12:39:04.080: [INFO] OnDoneLoading sync enabled: 0
2026-07-16 06:39:29.235: [INFO] OnDoneLoading sync enabled: 0
2026-07-16 19:59:44.090: [INFO] OnDoneLoading sync enabled: 0
2026-07-18 06:53:21.904: [INFO] OnDoneLoading sync enabled: 0
2026-07-18 11:32:58.456: [INFO] OnDoneLoading sync enabled: 0
2026-07-22 10:25:36.442: [INFO] OnDoneLoading sync enabled: 0
2026-08-03 09:01:44.725: [INFO] OnDoneLoading sync enabled: 0
2026-08-03 09:02:25.123: [INFO] OnDoneLoading sync enabled: 0
2026-08-03 10:00:29.688: [INFO] OnDoneLoading sync enabled: 0
2026-08-03 10:00:46.923: [INFO] OnDoneLoading sync enabled: 0
2026-08-03 10:06:13.893: [INFO] OnDoneLoading sync enabled: 0
2026-08-04 08:55:05.930: [INFO] OnDoneLoading sync enabled: 0
2026-08-04 09:10:11.251: [INFO] OnDoneLoading sync enabled: 0
2026-08-04 09:32:39.774: [INFO] OnDoneLoading sync enabled: 0
2026-08-04 09:52:32.748: [INFO] OnDoneLoading sync enabled: 0
2026-08-04 09:57:04.659: [INFO] OnDoneLoading sync enabled: 0
2026-08-04 10:06:13.451: [INFO] OnDoneLoading sync enabled: 0
2026-08-04 10:11:42.831: [INFO] OnDoneLoading sync enabled: 0
2026-08-04 10:16:00.034: [INFO] OnDoneLoading sync enabled: 0
2026-08-06 09:04:33.553: [INFO] CurrentProfilePath: C:\Users\Sarth Kumar\Documents\workspace-spring-tools-for-eclipse-5.2.0.RELEASE\.metadata\.plugins\org.eclipse.swt\EBWebView\Default
2026-08-06 09:04:33.553: [INFO] Profiles total count: 1
2026-08-06 09:04:33.553: [INFO] Profile: name=Profile 1 path=C:\Users\Sarth Kumar\Documents\workspace-spring-tools-for-eclipse-5.2.0.RELEASE\.metadata\.plugins\org.eclipse.swt\EBWebView\Default lastActive=null
2026-08-06 09:04:33.553: [INFO] LastUsedProfileDir: C:\Users\Sarth Kumar\Documents\workspace-spring-tools-for-eclipse-5.2.0.RELEASE\.metadata\.plugins\org.eclipse.swt\EBWebView\Default
2026-08-06 09:04:33.553: [INFO] OnDoneLoading sync enabled: 0
2026-08-06 09:04:33.553: [INFO] BookmarkModelLoaded, ids_reassigned: 0
2026-08-06 09:04:33.553: [INFO] BookmarksLoadDropped droppedNodes=0
2026-08-06 09:04:33.553: [INFO] BookmarksSnapshot Startup total=0 bar=0 other=0 mobile=0 showBar=0 showBarNTP=1
2026-08-06 09:21:41.868: [INFO] BookmarksSnapshot Shutdown total=0 bar=0 other=0 mobile=0 showBar=0 showBarNTP=1
2026-08-06 09:24:10.476: [INFO] CurrentProfilePath: C:\Users\Sarth Kumar\Documents\workspace-spring-tools-for-eclipse-5.2.0.RELEASE\.metadata\.plugins\org.eclipse.swt\EBWebView\Default
2026-08-06 09:24:10.476: [INFO] Profiles total count: 1
2026-08-06 09:24:10.476: [INFO] Profile: name=Profile 1 path=C:\Users\Sarth Kumar\Documents\workspace-spring-tools-for-eclipse-5.2.0.RELEASE\.metadata\.plugins\org.eclipse.swt\EBWebView\Default lastActive=null
2026-08-06 09:24:10.476: [INFO] LastUsedProfileDir: C:\Users\Sarth Kumar\Documents\workspace-spring-tools-for-eclipse-5.2.0.RELEASE\.metadata\.plugins\org.eclipse.swt\EBWebView\Default
2026-08-06 09:24:10.476: [INFO] OnDoneLoading sync enabled: 0
2026-08-06 09:24:10.476: [INFO] BookmarkModelLoaded, ids_reassigned: 0
2026-08-06 09:24:10.476: [INFO] BookmarksLoadDropped droppedNodes=0
2026-08-06 09:24:10.476: [INFO] BookmarksSnapshot Startup total=0 bar=0 other=0 mobile=0 showBar=0 showBarNTP=1
2026-08-06 09:25:15.504: [INFO] BookmarksSnapshot Shutdown total=0 bar=0 other=0 mobile=0 showBar=0 showBarNTP=1
2026-08-06 09:26:22.579: [INFO] CurrentProfilePath: C:\Users\Sarth Kumar\Documents\workspace-spring-tools-for-eclipse-5.2.0.RELEASE\.metadata\.plugins\org.eclipse.swt\EBWebView\Default
2026-08-06 09:26:22.579: [INFO] Profiles total count: 1
2026-08-06 09:26:22.579: [INFO] Profile: name=Profile 1 path=C:\Users\Sarth Kumar\Documents\workspace-spring-tools-for-eclipse-5.2.0.RELEASE\.metadata\.plugins\org.eclipse.swt\EBWebView\Default lastActive=null
2026-08-06 09:26:22.579: [INFO] LastUsedProfileDir: C:\Users\Sarth Kumar\Documents\workspace-spring-tools-for-eclipse-5.2.0.RELEASE\.metadata\.plugins\org.eclipse.swt\EBWebView\Default
2026-08-06 09:26:22.579: [INFO] OnDoneLoading sync enabled: 0
2026-08-06 09:26:22.579: [INFO] BookmarkModelLoaded, ids_reassigned: 0
2026-08-06 09:26:22.579: [INFO] BookmarksLoadDropped droppedNodes=0
2026-08-06 09:26:22.579: [INFO] BookmarksSnapshot Startup total=0 bar=0 other=0 mobile=0 showBar=0 showBarNTP=1
2026-08-06 09:39:32.968: [INFO] BookmarksSnapshot Shutdown total=0 bar=0 other=0 mobile=0 showBar=0 showBarNTP=1
2026-08-06 09:44:05.468: [INFO] CurrentProfilePath: C:\Users\Sarth Kumar\Documents\workspace-spring-tools-for-eclipse-5.2.0.RELEASE\.metadata\.plugins\org.eclipse.swt\EBWebView\Default
2026-08-06 09:44:05.468: [INFO] Profiles total count: 1
2026-08-06 09:44:05.468: [INFO] Profile: name=Profile 1 path=C:\Users\Sarth Kumar\Documents\workspace-spring-tools-for-eclipse-5.2.0.RELEASE\.metadata\.plugins\org.eclipse.swt\EBWebView\Default lastActive=null
2026-08-06 09:44:05.468: [INFO] LastUsedProfileDir: C:\Users\Sarth Kumar\Documents\workspace-spring-tools-for-eclipse-5.2.0.RELEASE\.metadata\.plugins\org.eclipse.swt\EBWebView\Default
2026-08-06 09:44:05.468: [INFO] OnDoneLoading sync enabled: 0
2026-08-06 09:44:05.468: [INFO] BookmarkModelLoaded, ids_reassigned: 0
2026-08-06 09:44:05.468: [INFO] BookmarksLoadDropped droppedNodes=0
2026-08-06 09:44:05.468: [INFO] BookmarksSnapshot Startup total=0 bar=0 other=0 mobile=0 showBar=0 showBarNTP=1
2026-08-06 10:59:28.692: [INFO] BookmarksSnapshot Shutdown total=0 bar=0 other=0 mobile=0 showBar=0 showBarNTP=1
2026-08-06 15:22:10.697: [INFO] CurrentProfilePath: C:\Users\Sarth Kumar\Documents\workspace-spring-tools-for-eclipse-5.2.0.RELEASE\.metadata\.plugins\org.eclipse.swt\EBWebView\Default
2026-08-06 15:22:10.697: [INFO] Profiles total count: 1
2026-08-06 15:22:10.697: [INFO] Profile: name=Profile 1 path=C:\Users\Sarth Kumar\Documents\workspace-spring-tools-for-eclipse-5.2.0.RELEASE\.metadata\.plugins\org.eclipse.swt\EBWebView\Default lastActive=null
2026-08-06 15:22:10.697: [INFO] LastUsedProfileDir: C:\Users\Sarth Kumar\Documents\workspace-spring-tools-for-eclipse-5.2.0.RELEASE\.metadata\.plugins\org.eclipse.swt\EBWebView\Default
2026-08-06 15:22:10.697: [INFO] OnDoneLoading sync enabled: 0
2026-08-06 15:22:10.697: [INFO] BookmarkModelLoaded, ids_reassigned: 0
2026-08-06 15:22:10.697: [INFO] BookmarksLoadDropped droppedNodes=0
2026-08-06 15:22:10.697: [INFO] BookmarksSnapshot Startup total=0 bar=0 other=0 mobile=0 showBar=0 showBarNTP=1
2026-08-06 16:04:53.399: [INFO] BookmarksSnapshot Shutdown total=0 bar=0 other=0 mobile=0 showBar=0 showBarNTP=1
2026-08-07 13:26:35.896: [INFO] CurrentProfilePath: C:\Users\Sarth Kumar\Documents\workspace-spring-tools-for-eclipse-5.2.0.RELEASE\.metadata\.plugins\org.eclipse.swt\EBWebView\Default
2026-08-07 13:26:35.896: [INFO] Profiles total count: 1
2026-08-07 13:26:35.896: [INFO] Profile: name=Profile 1 path=C:\Users\Sarth Kumar\Documents\workspace-spring-tools-for-eclipse-5.2.0.RELEASE\.metadata\.plugins\org.eclipse.swt\EBWebView\Default lastActive=null
2026-08-07 13:26:35.896: [INFO] LastUsedProfileDir: C:\Users\Sarth Kumar\Documents\workspace-spring-tools-for-eclipse-5.2.0.RELEASE\.metadata\.plugins\org.eclipse.swt\EBWebView\Default
2026-08-07 13:26:35.896: [INFO] OnDoneLoading sync enabled: 0
2026-08-07 13:26:35.896: [INFO] BookmarkModelLoaded, ids_reassigned: 0
2026-08-07 13:26:35.896: [INFO] BookmarksLoadDropped droppedNodes=0
2026-08-07 13:26:35.896: [INFO] BookmarksSnapshot Startup total=0 bar=0 other=0 mobile=0 showBar=0 showBarNTP=1
2026-08-07 14:12:18.862: [INFO] BookmarksSnapshot Shutdown total=0 bar=0 other=0 mobile=0 showBar=0 showBarNTP=1
2026-08-07 19:18:28.201: [INFO] CurrentProfilePath: C:\Users\Sarth Kumar\Documents\workspace-spring-tools-for-eclipse-5.2.0.RELEASE\.metadata\.plugins\org.eclipse.swt\EBWebView\Default
2026-08-07 19:18:28.201: [INFO] Profiles total count: 1
2026-08-07 19:18:28.201: [INFO] Profile: name=Profile 1 path=C:\Users\Sarth Kumar\Documents\workspace-spring-tools-for-eclipse-5.2.0.RELEASE\.metadata\.plugins\org.eclipse.swt\EBWebView\Default lastActive=null
2026-08-07 19:18:28.201: [INFO] LastUsedProfileDir: C:\Users\Sarth Kumar\Documents\workspace-spring-tools-for-eclipse-5.2.0.RELEASE\.metadata\.plugins\org.eclipse.swt\EBWebView\Default
2026-08-07 19:18:28.201: [INFO] OnDoneLoading sync enabled: 0
2026-08-07 19:18:28.201: [INFO] BookmarkModelLoaded, ids_reassigned: 0
2026-08-07 19:18:28.201: [INFO] BookmarksLoadDropped droppedNodes=0
2026-08-07 19:18:28.201: [INFO] BookmarksSnapshot Startup total=0 bar=0 other=0 mobile=0 showBar=0 showBarNTP=1
2026-08-07 19:57:29.840: [INFO] BookmarksSnapshot Shutdown total=0 bar=0 other=0 mobile=0 showBar=0 showBarNTP=1
2026-08-08 07:56:54.351: [INFO] CurrentProfilePath: C:\Users\Sarth Kumar\Documents\workspace-spring-tools-for-eclipse-5.2.0.RELEASE\.metadata\.plugins\org.eclipse.swt\EBWebView\Default
2026-08-08 07:56:54.351: [INFO] Profiles total count: 1
2026-08-08 07:56:54.351: [INFO] Profile: name=Profile 1 path=C:\Users\Sarth Kumar\Documents\workspace-spring-tools-for-eclipse-5.2.0.RELEASE\.metadata\.plugins\org.eclipse.swt\EBWebView\Default lastActive=null
2026-08-08 07:56:54.351: [INFO] LastUsedProfileDir: C:\Users\Sarth Kumar\Documents\workspace-spring-tools-for-eclipse-5.2.0.RELEASE\.metadata\.plugins\org.eclipse.swt\EBWebView\Default
2026-08-08 07:56:54.351: [INFO] OnDoneLoading sync enabled: 0
2026-08-08 07:56:54.351: [INFO] BookmarkModelLoaded, ids_reassigned: 0
2026-08-08 07:56:54.351: [INFO] BookmarksLoadDropped droppedNodes=0
2026-08-08 07:56:54.351: [INFO] BookmarksSnapshot Startup total=0 bar=0 other=0 mobile=0 showBar=0 showBarNTP=1
2026-08-08 08:41:16.994: [INFO] BookmarksSnapshot Shutdown total=0 bar=0 other=0 mobile=0 showBar=0 showBarNTP=1
2026-08-08 12:57:03.861: [INFO] CurrentProfilePath: C:\Users\Sarth Kumar\Documents\workspace-spring-tools-for-eclipse-5.2.0.RELEASE\.metadata\.plugins\org.eclipse.swt\EBWebView\Default
2026-08-08 12:57:03.861: [INFO] Profiles total count: 1
2026-08-08 12:57:03.861: [INFO] Profile: name=Profile 1 path=C:\Users\Sarth Kumar\Documents\workspace-spring-tools-for-eclipse-5.2.0.RELEASE\.metadata\.plugins\org.eclipse.swt\EBWebView\Default lastActive=null
2026-08-08 12:57:03.861: [INFO] LastUsedProfileDir: C:\Users\Sarth Kumar\Documents\workspace-spring-tools-for-eclipse-5.2.0.RELEASE\.metadata\.plugins\org.eclipse.swt\EBWebView\Default
2026-08-08 12:57:03.861: [INFO] OnDoneLoading sync enabled: 0
2026-08-08 12:57:03.861: [INFO] BookmarkModelLoaded, ids_reassigned: 0
2026-08-08 12:57:03.861: [INFO] BookmarksLoadDropped droppedNodes=0
2026-08-08 12:57:03.861: [INFO] BookmarksSnapshot Startup total=0 bar=0 other=0 mobile=0 showBar=0 showBarNTP=1
2026-08-08 13:32:14.096: [INFO] BookmarksSnapshot Shutdown total=0 bar=0 other=0 mobile=0 showBar=0 showBarNTP=1
2026-08-08 13:33:50.609: [INFO] CurrentProfilePath: C:\Users\Sarth Kumar\Documents\workspace-spring-tools-for-eclipse-5.2.0.RELEASE\.metadata\.plugins\org.eclipse.swt\EBWebView\Default
2026-08-08 13:33:50.609: [INFO] Profiles total count: 1
2026-08-08 13:33:50.609: [INFO] Profile: name=Profile 1 path=C:\Users\Sarth Kumar\Documents\workspace-spring-tools-for-eclipse-5.2.0.RELEASE\.metadata\.plugins\org.eclipse.swt\EBWebView\Default lastActive=null
2026-08-08 13:33:50.609: [INFO] LastUsedProfileDir: C:\Users\Sarth Kumar\Documents\workspace-spring-tools-for-eclipse-5.2.0.RELEASE\.metadata\.plugins\org.eclipse.swt\EBWebView\Default
2026-08-08 13:33:50.609: [INFO] OnDoneLoading sync enabled: 0
2026-08-08 13:33:50.609: [INFO] BookmarkModelLoaded, ids_reassigned: 0
2026-08-08 13:33:50.609: [INFO] BookmarksLoadDropped droppedNodes=0
2026-08-08 13:33:50.609: [INFO] BookmarksSnapshot Startup total=0 bar=0 other=0 mobile=0 showBar=0 showBarNTP=1
2026-08-08 13:33:58.271: [INFO] BookmarksSnapshot Shutdown total=0 bar=0 other=0 mobile=0 showBar=0 showBarNTP=1
2026-08-08 13:37:28.778: [INFO] CurrentProfilePath: C:\Users\Sarth Kumar\Documents\workspace-spring-tools-for-eclipse-5.2.0.RELEASE\.metadata\.plugins\org.eclipse.swt\EBWebView\Default
2026-08-08 13:37:28.778: [INFO] Profiles total count: 1
2026-08-08 13:37:28.778: [INFO] Profile: name=Profile 1 path=C:\Users\Sarth Kumar\Documents\workspace-spring-tools-for-eclipse-5.2.0.RELEASE\.metadata\.plugins\org.eclipse.swt\EBWebView\Default lastActive=null
2026-08-08 13:37:28.778: [INFO] LastUsedProfileDir: C:\Users\Sarth Kumar\Documents\workspace-spring-tools-for-eclipse-5.2.0.RELEASE\.metadata\.plugins\org.eclipse.swt\EBWebView\Default
2026-08-08 13:37:28.778: [INFO] OnDoneLoading sync enabled: 0
2026-08-08 13:37:28.778: [INFO] BookmarkModelLoaded, ids_reassigned: 0
2026-08-08 13:37:28.778: [INFO] BookmarksLoadDropped droppedNodes=0
2026-08-08 13:37:28.778: [INFO] BookmarksSnapshot Startup total=0 bar=0 other=0 mobile=0 showBar=0 showBarNTP=1
2026-08-08 13:52:23.798: [INFO] BookmarksSnapshot Shutdown total=0 bar=0 other=0 mobile=0 showBar=0 showBarNTP=1
2026-08-08 21:17:50.029: [INFO] CurrentProfilePath: C:\Users\Sarth Kumar\Documents\workspace-spring-tools-for-eclipse-5.2.0.RELEASE\.metadata\.plugins\org.eclipse.swt\EBWebView\Default
2026-08-08 21:17:50.029: [INFO] Profiles total count: 1
2026-08-08 21:17:50.029: [INFO] Profile: name=Profile 1 path=C:\Users\Sarth Kumar\Documents\workspace-spring-tools-for-eclipse-5.2.0.RELEASE\.metadata\.plugins\org.eclipse.swt\EBWebView\Default lastActive=null
2026-08-08 21:17:50.029: [INFO] LastUsedProfileDir: C:\Users\Sarth Kumar\Documents\workspace-spring-tools-for-eclipse-5.2.0.RELEASE\.metadata\.plugins\org.eclipse.swt\EBWebView\Default
2026-08-08 21:17:50.029: [INFO] OnDoneLoading sync enabled: 0
2026-08-08 21:17:50.029: [INFO] BookmarkModelLoaded, ids_reassigned: 0
2026-08-08 21:17:50.029: [INFO] BookmarksLoadDropped droppedNodes=0
2026-08-08 21:17:50.029: [INFO] BookmarksSnapshot Startup total=0 bar=0 other=0 mobile=0 showBar=0 showBarNTP=1
2026-08-08 21:18:45.946: [INFO] BookmarksSnapshot Shutdown total=0 bar=0 other=0 mobile=0 showBar=0 showBarNTP=1
2026-08-09 07:24:44.285: [INFO] CurrentProfilePath: C:\Users\Sarth Kumar\Documents\workspace-spring-tools-for-eclipse-5.2.0.RELEASE\.metadata\.plugins\org.eclipse.swt\EBWebView\Default
2026-08-09 07:24:44.285: [INFO] Profiles total count: 1
2026-08-09 07:24:44.285: [INFO] Profile: name=Profile 1 path=C:\Users\Sarth Kumar\Documents\workspace-spring-tools-for-eclipse-5.2.0.RELEASE\.metadata\.plugins\org.eclipse.swt\EBWebView\Default lastActive=null
2026-08-09 07:24:44.285: [INFO] LastUsedProfileDir: C:\Users\Sarth Kumar\Documents\workspace-spring-tools-for-eclipse-5.2.0.RELEASE\.metadata\.plugins\org.eclipse.swt\EBWebView\Default
2026-08-09 07:24:44.285: [INFO] OnDoneLoading sync enabled: 0
2026-08-09 07:24:44.285: [INFO] BookmarkModelLoaded, ids_reassigned: 0
2026-08-09 07:24:44.285: [INFO] BookmarksLoadDropped droppedNodes=0
2026-08-09 07:24:44.285: [INFO] BookmarksSnapshot Startup total=0 bar=0 other=0 mobile=0 showBar=0 showBarNTP=1
2026-08-09 07:26:45.635: [INFO] BookmarksSnapshot Shutdown total=0 bar=0 other=0 mobile=0 showBar=0 showBarNTP=1
